// Jest Snapshot v1, https://goo.gl/fbAQLP

exports[`Calculator renders Calculator component 1`] = `undefined`;
