// Jest Snapshot v1, https://goo.gl/fbAQLP

exports[`Layout renders Layout component 1`] = `undefined`;
