// Jest Snapshot v1, https://goo.gl/fbAQLP

exports[`Tests for NoPage component Check for the snapshot of debug 1`] = `undefined`;
